/home/runner/work/Swift-Sim/Swift-Sim/scripts/apply-pr21-scheme-readiness.py:99: SyntaxWarning: invalid escape sequence '\('
  handle.write('''
Applied PR #21 active-engine scheme readiness fix.
TAP version 13
# file:///home/runner/work/Swift-Sim/Swift-Sim/test/mainPostMergeIntegration.test.js:373
#   assert.match(source, /const watchingProject = Boolean\\(
#                        ^
# SyntaxError: Invalid regular expression: missing /
#     at compileSourceTextModule (node:internal/modules/esm/utils:346:16)
#     at ModuleLoader.moduleStrategy (node:internal/modules/esm/translators:110:18)
#     at \#translate (node:internal/modules/esm/loader:559:20)
#     at afterLoad (node:internal/modules/esm/loader:612:29)
#     at ModuleLoader.loadAndTranslate (node:internal/modules/esm/loader:617:12)
#     at \#createModuleJob (node:internal/modules/esm/loader:640:36)
#     at \#getJobFromResolveResult (node:internal/modules/esm/loader:353:34)
#     at ModuleLoader.getModuleJobForImport (node:internal/modules/esm/loader:321:41)
#     at async onImport.tracePromise.__proto__ (node:internal/modules/esm/loader:680:25)
# Node.js v22.23.1
# Subtest: test/mainPostMergeIntegration.test.js
not ok 1 - test/mainPostMergeIntegration.test.js
  ---
  duration_ms: 37.245128
  type: 'test'
  location: '/home/runner/work/Swift-Sim/Swift-Sim/test/mainPostMergeIntegration.test.js:1:1'
  failureType: 'testCodeFailure'
  exitCode: 1
  signal: ~
  error: 'test failed'
  code: 'ERR_TEST_FAILURE'
  ...
1..1
# tests 1
# suites 0
# pass 0
# fail 1
# cancelled 0
# skipped 0
# todo 0
# duration_ms 46.639185
